<!DOCTYPE html>
<html lang="en">
  <head>
    <meta charset="utf-8" />
    <meta name="viewport" content="width=device-width, initial-scale=1">
    <title>hi from nunjucks</title>
  </head>
  <body>
    
  <p>hi from test</p>

  </body>
</html>
